[www.themesindustry.com/html/studiox/index.html]
[backblue.gif]
[fade.gif]
[index.html]
[www.themesindustry.com/html/studiox/css/bootstrap.min.css]
[www.themesindustry.com/html/studiox/css/font-awesome.css]
[www.themesindustry.com/html/studiox/css/animate.css]
[www.themesindustry.com/html/studiox/css/owl.carousel.css]
[www.themesindustry.com/html/studiox/css/owl.transitions.css]
[www.themesindustry.com/html/studiox/css/settings.css]
[www.themesindustry.com/html/studiox/css/layers.css]
[www.themesindustry.com/html/studiox/css/navigation.css]
[www.themesindustry.com/html/studiox/css/jquery.fancybox.css]
[www.themesindustry.com/html/studiox/css/style.css]
[www.themesindustry.com/html/studiox/images/favicon.png]
[www.themesindustry.com/html/studiox/images/logo.png]
[www.themesindustry.com/html/studiox/images/cover3.jpg]
[www.themesindustry.com/html/studiox/images/cover2.jpg]
[www.themesindustry.com/html/studiox/images/cover.jpg]
[www.themesindustry.com/html/studiox/images/device.jpg]
[www.themesindustry.com/html/studiox/images/IOS.png]
[www.themesindustry.com/html/studiox/images/image_8S.png]
[www.themesindustry.com/html/studiox/images/image_A0.png]
[www.themesindustry.com/html/studiox/images/team1.jpg]
[www.themesindustry.com/html/studiox/images/team2.jpg]
[www.themesindustry.com/html/studiox/images/team3.jpg]
[www.themesindustry.com/html/studiox/images/team4.jpg]
[www.themesindustry.com/html/studiox/images/portfolio1.jpg]
[www.themesindustry.com/html/studiox/images/portfolio2.jpg]
[www.themesindustry.com/html/studiox/images/portfolio3.jpg]
[www.themesindustry.com/html/studiox/blog.html]
[www.themesindustry.com/html/studiox/images/blog-img1.jpg]
[www.themesindustry.com/html/studiox/images/blog-img2.jpg]
[ajax.googleapis.com/ajax/libs/jquery/1.12.4/jquery.min.js]
[www.themesindustry.com/html/studiox/js/gmaps.min.js]
[www.themesindustry.com/html/studiox/js/bootstrap.min.js]
[www.themesindustry.com/html/studiox/js/jquery.themepunch.tools.min838f.js]
[www.themesindustry.com/html/studiox/js/jquery.themepunch.revolution.min838f.js]
[www.themesindustry.com/html/studiox/js/revolution.extension.layeranimation.min.js]
[www.themesindustry.com/html/studiox/js/revolution.extension.navigation.min.js]
[www.themesindustry.com/html/studiox/js/revolution.extension.parallax.min.js]
[www.themesindustry.com/html/studiox/js/revolution.extension.slideanims.min.js]
[www.themesindustry.com/html/studiox/js/revolution.extension.video.min.js]
[www.themesindustry.com/html/studiox/js/wow.js]
[www.themesindustry.com/html/studiox/js/owl.carousel.min.js]
[www.themesindustry.com/html/studiox/js/jquery.responsiveTabs.min.js]
[www.themesindustry.com/html/studiox/js/jquery.fancybox.pack.js]
[www.themesindustry.com/html/studiox/js/jquery.appear.js]
[www.themesindustry.com/html/studiox/index.html]
[www.themesindustry.com/html/studiox/js/script.js]
[www.themesindustry.com/html/studiox/fonts/glyphicons-halflings-regular.eot]
[www.themesindustry.com/html/studiox/fonts/glyphicons-halflings-regular.woff2]
[www.themesindustry.com/html/studiox/fonts/glyphicons-halflings-regulard41d.eot]
[www.themesindustry.com/html/studiox/fonts/glyphicons-halflings-regular.woff]
[www.themesindustry.com/html/studiox/fonts/glyphicons-halflings-regular.ttf]
[www.themesindustry.com/html/studiox/css/bootstrap.min.css]
[www.themesindustry.com/html/studiox/fonts/glyphicons-halflings-regular.svg]
[www.themesindustry.com/html/studiox/fonts/fontawesome-webfont5b62.woff2]
[www.themesindustry.com/html/studiox/fonts/fontawesome-webfont5b62.eot]
[www.themesindustry.com/html/studiox/fonts/fontawesome-webfontd41d.eot]
[www.themesindustry.com/html/studiox/fonts/fontawesome-webfont5b62.woff]
[www.themesindustry.com/html/studiox/fonts/fontawesome-webfont5b62.ttf]
[www.themesindustry.com/html/studiox/css/font-awesome.css]
[www.themesindustry.com/html/studiox/css/animate.css]
[www.themesindustry.com/html/studiox/css/AjaxLoader.gif]
[www.themesindustry.com/html/studiox/css/owl.carousel.css]
[www.themesindustry.com/html/studiox/css/owl.transitions.css]
[www.themesindustry.com/html/studiox/css/openhand.cur]
[www.themesindustry.com/html/studiox/fonts/fontawesome-webfont5b62.svg]
[www.themesindustry.com/html/studiox/css/closedhand.cur]
[www.themesindustry.com/html/studiox/assets/gridtile.png]
[www.themesindustry.com/html/studiox/assets/gridtile_white.png]
[www.themesindustry.com/html/studiox/assets/gridtile_3x3.png]
[www.themesindustry.com/html/studiox/assets/gridtile_3x3_white.png]
[www.themesindustry.com/html/studiox/assets/coloredbg.png]
[www.themesindustry.com/html/studiox/assets/loader.gif]
[www.themesindustry.com/html/studiox/css/settings.css]
[www.themesindustry.com/html/studiox/css/layers.css]
[www.themesindustry.com/html/studiox/css/navigation.css]
[www.themesindustry.com/html/studiox/css/responsive-tabs.css]
[www.themesindustry.com/html/studiox/images/fancybox_sprite.png]
[www.themesindustry.com/html/studiox/images/fancybox_loading.gif]
[www.themesindustry.com/html/studiox/css/blank.gif]
[www.themesindustry.com/html/studiox/images/fancybox_overlay.png]
[www.themesindustry.com/html/studiox/images/fancybox_loading@2x.gif]
[www.themesindustry.com/html/studiox/css/jquery.fancybox.css]
[www.themesindustry.com/html/studiox/images/pricing-table.jpg]
[www.themesindustry.com/html/studiox/images/timeline.jpg]
[www.themesindustry.com/html/studiox/images/happy-clients.jpg]
[www.themesindustry.com/html/studiox/images/blog-text.jpg]
[www.themesindustry.com/html/studiox/images/blog-banner.jpg]
[www.themesindustry.com/html/studiox/css/style.css]
[www.themesindustry.com/html/studiox/css/blue-dark.css]
[www.themesindustry.com/html/studiox/images/logo-white-video.png]
[www.themesindustry.com/html/studiox/index9.html]
[www.themesindustry.com/html/studiox/images/blogv3-2.jpg]
[www.themesindustry.com/html/studiox/blog-detail.html]
[www.themesindustry.com/html/studiox/images/blog-detail.jpg]
[www.themesindustry.com/html/studiox/images/about-blog.jpg]
[www.themesindustry.com/html/studiox/blog.html]
[www.themesindustry.com/html/studiox/fonts/glyphicons-halflings-regular.svg]
[www.themesindustry.com/html/studiox/fonts/fontawesome-webfont5b62.svg]
[www.themesindustry.com/html/studiox/css/AjaxLoader.html]
[www.themesindustry.com/html/studiox/css/openhand.html]
[www.themesindustry.com/html/studiox/css/closedhand.html]
[www.themesindustry.com/html/studiox/assets/gridtile.html]
[www.themesindustry.com/html/studiox/assets/gridtile_white.html]
[www.themesindustry.com/html/studiox/assets/gridtile_3x3.html]
[www.themesindustry.com/html/studiox/assets/gridtile_3x3_white.html]
[www.themesindustry.com/html/studiox/assets/coloredbg.html]
[www.themesindustry.com/html/studiox/assets/loader.html]
[www.themesindustry.com/html/studiox/css/blank.html]
[www.themesindustry.com/html/studiox/images/counters-bg.jpg]
[www.themesindustry.com/html/studiox/images/slide-dark.jpg]
[www.themesindustry.com/html/studiox/css/blue-dark.css]
[www.themesindustry.com/html/studiox/images/favicon-blue.png]
[www.themesindustry.com/html/studiox/images/slide1-dark.jpg]
[www.themesindustry.com/html/studiox/images/slide2-dark.jpg]
[www.themesindustry.com/html/studiox/index9.html]
[www.themesindustry.com/html/studiox/images/blog-commenter1.jpg]
[www.themesindustry.com/html/studiox/images/blog-commenter2.jpg]
[www.themesindustry.com/html/studiox/blog-detail.html]
